// Jest Snapshot v1, https://goo.gl/fbAQLP

exports[`App component matches snapshot 1`] = `
<div
  className="userField"
>
  <div>
    <div
      className="userDisplay"
    >
      <a
        href="/patients"
      >
        <p>
          Back to All Patients
        </p>
      </a>
      <h3
        className="detailsHeader"
      >
        Patient Details
      </h3>
      <div
        className="userInfo"
      >
        <div
          className="column"
        >
          <p>
            First Name:
             
          </p>
          <p>
            Last Name:
             
          </p>
          <p>
            SSN:
             
          </p>
          <p>
            Email:
             
          </p>
        </div>
        <div
          className="column"
        >
          <p>
            Street:
             
          </p>
          <p>
            City:
             
          </p>
          <p>
            State:
             
          </p>
          <p>
            Zip Code:
             
          </p>
        </div>
        <div
          className="column"
        >
          <p>
            Age:
             
          </p>
          <p>
            Height:
             
          </p>
          <p>
            Weight:
             
          </p>
          <p>
            Insurance:
             
          </p>
          <p>
            Gender:
             
          </p>
        </div>
        <div
          className="buttonWrapper"
        >
          <button
            className="editButton"
            onClick={[Function]}
            type="submit"
          >
            Edit Patient
          </button>
        </div>
      </div>
    </div>
    <div
      className="encountersContainter"
    >
      <h4
        className="encountersHeader"
      >
        Encounters
      </h4>
      <button
        className="addEncounterButton"
        onClick={[Function]}
        type="submit"
        variant="contained"
      >
        Add Encounter
      </button>
      <table
        className="encountersTable"
      >
        <thead>
          <tr
            className="noHover"
          >
            <th
              className="viewEditDetails"
            />
            <th>
              ID
            </th>
            <th>
              Visit Code
            </th>
            <th>
              Provider
            </th>
            <th>
              Date
            </th>
          </tr>
        </thead>
        <tbody />
      </table>
    </div>
  </div>
</div>
`;
